<?xml version="1.0" encoding="utf-8"?><testsuite errors="0" failures="2" name="pytest" skipped="0" tests="9" time="12.142"><testcase classname="FixtureExamples.OnlineMarkets.Amazon.test_amazon" file="FixtureExamples\OnlineMarkets\Amazon\test_amazon.py" line="4" name="test_amazon_function" time="10.545"></testcase><testcase classname="FixtureExamples.OnlineMarkets.FlipCart.test_flipcart" file="FixtureExamples\OnlineMarkets\FlipCart\test_flipcart.py" line="3" name="test_flipkart_function" time="1.001"></testcase><testcase classname="FixtureExamples.OnlineMarkets.Myntra.test_myntra" file="FixtureExamples\OnlineMarkets\Myntra\test_myntra.py" line="4" name="test_myntra_function" time="0.005"><failure message="selenium.common.exceptions.NoSuchWindowException: Message: no such window: target window already closed
from unknown error: web view not found
  (Session info: chrome=76.0.3809.87)">chrome_browser = &lt;selenium.webdriver.chrome.webdriver.WebDriver (session=&quot;c090c7be2a937f7d1ba4ada5d15c2b82&quot;)&gt;

    @mark.UI
    def test_myntra_function(chrome_browser):
&gt;       chrome_browser.get(&quot;https://www.myntra.com/&quot;)

FixtureExamples\OnlineMarkets\Myntra\test_myntra.py:7: 
_ _ _ _ _ _ _ _ _ _ _ _ _ _ _ _ _ _ _ _ _ _ _ _ _ _ _ _ _ _ _ _ _ _ _ _ _ _ _ _ _ _ _ _ _ _ _ _ _ _ _ _ _ _ _ _ _ _ _ _ _ _ _ _ _ _ _ _ _ 
c:\python37\lib\site-packages\selenium\webdriver\remote\webdriver.py:333: in get
    self.execute(Command.GET, {&apos;url&apos;: url})
c:\python37\lib\site-packages\selenium\webdriver\remote\webdriver.py:321: in execute
    self.error_handler.check_response(response)
_ _ _ _ _ _ _ _ _ _ _ _ _ _ _ _ _ _ _ _ _ _ _ _ _ _ _ _ _ _ _ _ _ _ _ _ _ _ _ _ _ _ _ _ _ _ _ _ _ _ _ _ _ _ _ _ _ _ _ _ _ _ _ _ _ _ _ _ _ 

self = &lt;selenium.webdriver.remote.errorhandler.ErrorHandler object at 0x03411090&gt;
response = {&apos;status&apos;: 404, &apos;value&apos;: &apos;{&quot;value&quot;:{&quot;error&quot;:&quot;no such window&quot;,&quot;message&quot;:&quot;no such window: target window already closed\\...cribeWnfStateChangeNotification [0x77880FD9+1081]\\n\\tRtlSubscribeWnfStateChangeNotification [0x77880FA4+1028]\\n&quot;}}&apos;}

    def check_response(self, response):
        &quot;&quot;&quot;
        Checks that a JSON response from the WebDriver does not have an error.
    
        :Args:
         - response - The JSON response from the WebDriver server as a dictionary
           object.
    
        :Raises: If the response contains an error message.
        &quot;&quot;&quot;
        status = response.get(&apos;status&apos;, None)
        if status is None or status == ErrorCode.SUCCESS:
            return
        value = None
        message = response.get(&quot;message&quot;, &quot;&quot;)
        screen = response.get(&quot;screen&quot;, &quot;&quot;)
        stacktrace = None
        if isinstance(status, int):
            value_json = response.get(&apos;value&apos;, None)
            if value_json and isinstance(value_json, basestring):
                import json
                try:
                    value = json.loads(value_json)
                    if len(value.keys()) == 1:
                        value = value[&apos;value&apos;]
                    status = value.get(&apos;error&apos;, None)
                    if status is None:
                        status = value[&quot;status&quot;]
                        message = value[&quot;value&quot;]
                        if not isinstance(message, basestring):
                            value = message
                            message = message.get(&apos;message&apos;)
                    else:
                        message = value.get(&apos;message&apos;, None)
                except ValueError:
                    pass
    
        exception_class = ErrorInResponseException
        if status in ErrorCode.NO_SUCH_ELEMENT:
            exception_class = NoSuchElementException
        elif status in ErrorCode.NO_SUCH_FRAME:
            exception_class = NoSuchFrameException
        elif status in ErrorCode.NO_SUCH_WINDOW:
            exception_class = NoSuchWindowException
        elif status in ErrorCode.STALE_ELEMENT_REFERENCE:
            exception_class = StaleElementReferenceException
        elif status in ErrorCode.ELEMENT_NOT_VISIBLE:
            exception_class = ElementNotVisibleException
        elif status in ErrorCode.INVALID_ELEMENT_STATE:
            exception_class = InvalidElementStateException
        elif status in ErrorCode.INVALID_SELECTOR \
                or status in ErrorCode.INVALID_XPATH_SELECTOR \
                or status in ErrorCode.INVALID_XPATH_SELECTOR_RETURN_TYPER:
            exception_class = InvalidSelectorException
        elif status in ErrorCode.ELEMENT_IS_NOT_SELECTABLE:
            exception_class = ElementNotSelectableException
        elif status in ErrorCode.ELEMENT_NOT_INTERACTABLE:
            exception_class = ElementNotInteractableException
        elif status in ErrorCode.INVALID_COOKIE_DOMAIN:
            exception_class = InvalidCookieDomainException
        elif status in ErrorCode.UNABLE_TO_SET_COOKIE:
            exception_class = UnableToSetCookieException
        elif status in ErrorCode.TIMEOUT:
            exception_class = TimeoutException
        elif status in ErrorCode.SCRIPT_TIMEOUT:
            exception_class = TimeoutException
        elif status in ErrorCode.UNKNOWN_ERROR:
            exception_class = WebDriverException
        elif status in ErrorCode.UNEXPECTED_ALERT_OPEN:
            exception_class = UnexpectedAlertPresentException
        elif status in ErrorCode.NO_ALERT_OPEN:
            exception_class = NoAlertPresentException
        elif status in ErrorCode.IME_NOT_AVAILABLE:
            exception_class = ImeNotAvailableException
        elif status in ErrorCode.IME_ENGINE_ACTIVATION_FAILED:
            exception_class = ImeActivationFailedException
        elif status in ErrorCode.MOVE_TARGET_OUT_OF_BOUNDS:
            exception_class = MoveTargetOutOfBoundsException
        elif status in ErrorCode.JAVASCRIPT_ERROR:
            exception_class = JavascriptException
        elif status in ErrorCode.SESSION_NOT_CREATED:
            exception_class = SessionNotCreatedException
        elif status in ErrorCode.INVALID_ARGUMENT:
            exception_class = InvalidArgumentException
        elif status in ErrorCode.NO_SUCH_COOKIE:
            exception_class = NoSuchCookieException
        elif status in ErrorCode.UNABLE_TO_CAPTURE_SCREEN:
            exception_class = ScreenshotException
        elif status in ErrorCode.ELEMENT_CLICK_INTERCEPTED:
            exception_class = ElementClickInterceptedException
        elif status in ErrorCode.INSECURE_CERTIFICATE:
            exception_class = InsecureCertificateException
        elif status in ErrorCode.INVALID_COORDINATES:
            exception_class = InvalidCoordinatesException
        elif status in ErrorCode.INVALID_SESSION_ID:
            exception_class = InvalidSessionIdException
        elif status in ErrorCode.UNKNOWN_METHOD:
            exception_class = UnknownMethodException
        else:
            exception_class = WebDriverException
        if value == &apos;&apos; or value is None:
            value = response[&apos;value&apos;]
        if isinstance(value, basestring):
            if exception_class == ErrorInResponseException:
                raise exception_class(response, value)
            raise exception_class(value)
        if message == &quot;&quot; and &apos;message&apos; in value:
            message = value[&apos;message&apos;]
    
        screen = None
        if &apos;screen&apos; in value:
            screen = value[&apos;screen&apos;]
    
        stacktrace = None
        if &apos;stackTrace&apos; in value and value[&apos;stackTrace&apos;]:
            stacktrace = []
            try:
                for frame in value[&apos;stackTrace&apos;]:
                    line = self._value_or_default(frame, &apos;lineNumber&apos;, &apos;&apos;)
                    file = self._value_or_default(frame, &apos;fileName&apos;, &apos;&lt;anonymous&gt;&apos;)
                    if line:
                        file = &quot;%s:%s&quot; % (file, line)
                    meth = self._value_or_default(frame, &apos;methodName&apos;, &apos;&lt;anonymous&gt;&apos;)
                    if &apos;className&apos; in frame:
                        meth = &quot;%s.%s&quot; % (frame[&apos;className&apos;], meth)
                    msg = &quot;    at %s (%s)&quot;
                    msg = msg % (meth, file)
                    stacktrace.append(msg)
            except TypeError:
                pass
        if exception_class == ErrorInResponseException:
            raise exception_class(response, message)
        elif exception_class == UnexpectedAlertPresentException:
            alert_text = None
            if &apos;data&apos; in value:
                alert_text = value[&apos;data&apos;].get(&apos;text&apos;)
            elif &apos;alert&apos; in value:
                alert_text = value[&apos;alert&apos;].get(&apos;text&apos;)
            raise exception_class(message, screen, stacktrace, alert_text)
&gt;       raise exception_class(message, screen, stacktrace)
E       selenium.common.exceptions.NoSuchWindowException: Message: no such window: target window already closed
E       from unknown error: web view not found
E         (Session info: chrome=76.0.3809.87)

c:\python37\lib\site-packages\selenium\webdriver\remote\errorhandler.py:242: NoSuchWindowException</failure></testcase><testcase classname="FixtureExamples.OnlineMarkets.OnlineShopping.test_online_shopping" file="FixtureExamples\OnlineMarkets\OnlineShopping\test_online_shopping.py" line="3" name="test_online_shopping" time="0.002"><failure message="selenium.common.exceptions.NoSuchWindowException: Message: no such window: target window already closed
from unknown error: web view not found
  (Session info: chrome=76.0.3809.87)">chrome_browser = &lt;selenium.webdriver.chrome.webdriver.WebDriver (session=&quot;c090c7be2a937f7d1ba4ada5d15c2b82&quot;)&gt;

    @mark.onlineshopping
    def test_online_shopping(chrome_browser):
        first_browser = chrome_browser
&gt;       first_browser.get(&quot;https://www.amazon.in/&quot;)

FixtureExamples\OnlineMarkets\OnlineShopping\test_online_shopping.py:7: 
_ _ _ _ _ _ _ _ _ _ _ _ _ _ _ _ _ _ _ _ _ _ _ _ _ _ _ _ _ _ _ _ _ _ _ _ _ _ _ _ _ _ _ _ _ _ _ _ _ _ _ _ _ _ _ _ _ _ _ _ _ _ _ _ _ _ _ _ _ 
c:\python37\lib\site-packages\selenium\webdriver\remote\webdriver.py:333: in get
    self.execute(Command.GET, {&apos;url&apos;: url})
c:\python37\lib\site-packages\selenium\webdriver\remote\webdriver.py:321: in execute
    self.error_handler.check_response(response)
_ _ _ _ _ _ _ _ _ _ _ _ _ _ _ _ _ _ _ _ _ _ _ _ _ _ _ _ _ _ _ _ _ _ _ _ _ _ _ _ _ _ _ _ _ _ _ _ _ _ _ _ _ _ _ _ _ _ _ _ _ _ _ _ _ _ _ _ _ 

self = &lt;selenium.webdriver.remote.errorhandler.ErrorHandler object at 0x03411090&gt;
response = {&apos;status&apos;: 404, &apos;value&apos;: &apos;{&quot;value&quot;:{&quot;error&quot;:&quot;no such window&quot;,&quot;message&quot;:&quot;no such window: target window already closed\\...cribeWnfStateChangeNotification [0x77880FD9+1081]\\n\\tRtlSubscribeWnfStateChangeNotification [0x77880FA4+1028]\\n&quot;}}&apos;}

    def check_response(self, response):
        &quot;&quot;&quot;
        Checks that a JSON response from the WebDriver does not have an error.
    
        :Args:
         - response - The JSON response from the WebDriver server as a dictionary
           object.
    
        :Raises: If the response contains an error message.
        &quot;&quot;&quot;
        status = response.get(&apos;status&apos;, None)
        if status is None or status == ErrorCode.SUCCESS:
            return
        value = None
        message = response.get(&quot;message&quot;, &quot;&quot;)
        screen = response.get(&quot;screen&quot;, &quot;&quot;)
        stacktrace = None
        if isinstance(status, int):
            value_json = response.get(&apos;value&apos;, None)
            if value_json and isinstance(value_json, basestring):
                import json
                try:
                    value = json.loads(value_json)
                    if len(value.keys()) == 1:
                        value = value[&apos;value&apos;]
                    status = value.get(&apos;error&apos;, None)
                    if status is None:
                        status = value[&quot;status&quot;]
                        message = value[&quot;value&quot;]
                        if not isinstance(message, basestring):
                            value = message
                            message = message.get(&apos;message&apos;)
                    else:
                        message = value.get(&apos;message&apos;, None)
                except ValueError:
                    pass
    
        exception_class = ErrorInResponseException
        if status in ErrorCode.NO_SUCH_ELEMENT:
            exception_class = NoSuchElementException
        elif status in ErrorCode.NO_SUCH_FRAME:
            exception_class = NoSuchFrameException
        elif status in ErrorCode.NO_SUCH_WINDOW:
            exception_class = NoSuchWindowException
        elif status in ErrorCode.STALE_ELEMENT_REFERENCE:
            exception_class = StaleElementReferenceException
        elif status in ErrorCode.ELEMENT_NOT_VISIBLE:
            exception_class = ElementNotVisibleException
        elif status in ErrorCode.INVALID_ELEMENT_STATE:
            exception_class = InvalidElementStateException
        elif status in ErrorCode.INVALID_SELECTOR \
                or status in ErrorCode.INVALID_XPATH_SELECTOR \
                or status in ErrorCode.INVALID_XPATH_SELECTOR_RETURN_TYPER:
            exception_class = InvalidSelectorException
        elif status in ErrorCode.ELEMENT_IS_NOT_SELECTABLE:
            exception_class = ElementNotSelectableException
        elif status in ErrorCode.ELEMENT_NOT_INTERACTABLE:
            exception_class = ElementNotInteractableException
        elif status in ErrorCode.INVALID_COOKIE_DOMAIN:
            exception_class = InvalidCookieDomainException
        elif status in ErrorCode.UNABLE_TO_SET_COOKIE:
            exception_class = UnableToSetCookieException
        elif status in ErrorCode.TIMEOUT:
            exception_class = TimeoutException
        elif status in ErrorCode.SCRIPT_TIMEOUT:
            exception_class = TimeoutException
        elif status in ErrorCode.UNKNOWN_ERROR:
            exception_class = WebDriverException
        elif status in ErrorCode.UNEXPECTED_ALERT_OPEN:
            exception_class = UnexpectedAlertPresentException
        elif status in ErrorCode.NO_ALERT_OPEN:
            exception_class = NoAlertPresentException
        elif status in ErrorCode.IME_NOT_AVAILABLE:
            exception_class = ImeNotAvailableException
        elif status in ErrorCode.IME_ENGINE_ACTIVATION_FAILED:
            exception_class = ImeActivationFailedException
        elif status in ErrorCode.MOVE_TARGET_OUT_OF_BOUNDS:
            exception_class = MoveTargetOutOfBoundsException
        elif status in ErrorCode.JAVASCRIPT_ERROR:
            exception_class = JavascriptException
        elif status in ErrorCode.SESSION_NOT_CREATED:
            exception_class = SessionNotCreatedException
        elif status in ErrorCode.INVALID_ARGUMENT:
            exception_class = InvalidArgumentException
        elif status in ErrorCode.NO_SUCH_COOKIE:
            exception_class = NoSuchCookieException
        elif status in ErrorCode.UNABLE_TO_CAPTURE_SCREEN:
            exception_class = ScreenshotException
        elif status in ErrorCode.ELEMENT_CLICK_INTERCEPTED:
            exception_class = ElementClickInterceptedException
        elif status in ErrorCode.INSECURE_CERTIFICATE:
            exception_class = InsecureCertificateException
        elif status in ErrorCode.INVALID_COORDINATES:
            exception_class = InvalidCoordinatesException
        elif status in ErrorCode.INVALID_SESSION_ID:
            exception_class = InvalidSessionIdException
        elif status in ErrorCode.UNKNOWN_METHOD:
            exception_class = UnknownMethodException
        else:
            exception_class = WebDriverException
        if value == &apos;&apos; or value is None:
            value = response[&apos;value&apos;]
        if isinstance(value, basestring):
            if exception_class == ErrorInResponseException:
                raise exception_class(response, value)
            raise exception_class(value)
        if message == &quot;&quot; and &apos;message&apos; in value:
            message = value[&apos;message&apos;]
    
        screen = None
        if &apos;screen&apos; in value:
            screen = value[&apos;screen&apos;]
    
        stacktrace = None
        if &apos;stackTrace&apos; in value and value[&apos;stackTrace&apos;]:
            stacktrace = []
            try:
                for frame in value[&apos;stackTrace&apos;]:
                    line = self._value_or_default(frame, &apos;lineNumber&apos;, &apos;&apos;)
                    file = self._value_or_default(frame, &apos;fileName&apos;, &apos;&lt;anonymous&gt;&apos;)
                    if line:
                        file = &quot;%s:%s&quot; % (file, line)
                    meth = self._value_or_default(frame, &apos;methodName&apos;, &apos;&lt;anonymous&gt;&apos;)
                    if &apos;className&apos; in frame:
                        meth = &quot;%s.%s&quot; % (frame[&apos;className&apos;], meth)
                    msg = &quot;    at %s (%s)&quot;
                    msg = msg % (meth, file)
                    stacktrace.append(msg)
            except TypeError:
                pass
        if exception_class == ErrorInResponseException:
            raise exception_class(response, message)
        elif exception_class == UnexpectedAlertPresentException:
            alert_text = None
            if &apos;data&apos; in value:
                alert_text = value[&apos;data&apos;].get(&apos;text&apos;)
            elif &apos;alert&apos; in value:
                alert_text = value[&apos;alert&apos;].get(&apos;text&apos;)
            raise exception_class(message, screen, stacktrace, alert_text)
&gt;       raise exception_class(message, screen, stacktrace)
E       selenium.common.exceptions.NoSuchWindowException: Message: no such window: target window already closed
E       from unknown error: web view not found
E         (Session info: chrome=76.0.3809.87)

c:\python37\lib\site-packages\selenium\webdriver\remote\errorhandler.py:242: NoSuchWindowException</failure></testcase><testcase classname="Tests.sportscar.body.test_body.BodyTests" file="Tests\sportscar\body\test_body.py" line="6" name="test_body_function_as_expected" time="0.001"></testcase><testcase classname="Tests.sportscar.body.test_body.BodyTests" file="Tests\sportscar\body\test_body.py" line="8" name="test_body_color" time="0.001"></testcase><testcase classname="Tests.sportscar.body.test_body.BodyTests" file="Tests\sportscar\body\test_body.py" line="10" name="test_body_bumper" time="0.000"></testcase><testcase classname="Tests.sportscar.engine.test_engine" file="Tests\sportscar\engine\test_engine.py" line="3" name="test_engine_function_as_expected" time="0.001"></testcase><testcase classname="Tests.sportscar.entertainment.test_entertainment" file="Tests\sportscar\entertainment\test_entertainment.py" line="2" name="test_entertainment_function_as_expected" time="0.002"><system-out>I am tearing down the browser..
</system-out></testcase></testsuite>